// Jest Snapshot v1, https://goo.gl/fbAQLP

exports[`Should render product Component should take screenshot 1`] = `
<div
  class="max-w-7xl mx-auto px-2 sm:px-6 lg:px-8 py-4"
>
  <div
    class="w-full grid grid-cols-1 gap-y-8 gap-x-6 items-start sm:grid-cols-12 lg:gap-x-8"
  >
    <div
      class="aspect-w-2 aspect-h-3 rounded-lg bg-gray-100 overflow-hidden sm:col-span-4 lg:col-span-2"
    >
      <img
        alt="Fjallraven - Foldsack No. 1 Backpack, Fits 15 Laptops"
        class="object-center object-cover"
        src="https://fakestoreapi.com/img/81fPKd-2AYL._AC_SL1500_.jpg"
      />
    </div>
    <div
      class="sm:col-span-8 lg:col-span-10"
    >
      <h2
        class="text-2xl font-extrabold text-gray-900 sm:pr-12"
      >
        Fjallraven - Foldsack No. 1 Backpack, Fits 15 Laptops
      </h2>
      <section
        aria-labelledby="information-heading"
        class="mt-2"
      >
        <h3
          id="information-heading"
        >
          Your perfect pack for everyday use and walks in the forest. Stash your laptop (up to 15 inches) in the padded sleeve, your everyday
        </h3>
        <p
          class="text-2xl text-gray-900"
        >
          â‚¹109.95
        </p>
        <div
          class="mt-6"
        >
          <h4
            class="sr-only"
          >
            Reviews
          </h4>
          <div
            class="flex items-center"
          >
            <div
              class="flex items-center"
            >
              <svg
                aria-hidden="true"
                class="text-gray-900 h-5 w-5 flex-shrink-0"
                fill="currentColor"
                viewBox="0 0 20 20"
                xmlns="http://www.w3.org/2000/svg"
              >
                <path
                  d="M9.049 2.927c.3-.921 1.603-.921 1.902 0l1.07 3.292a1 1 0 00.95.69h3.462c.969 0 1.371 1.24.588 1.81l-2.8 2.034a1 1 0 00-.364 1.118l1.07 3.292c.3.921-.755 1.688-1.54 1.118l-2.8-2.034a1 1 0 00-1.175 0l-2.8 2.034c-.784.57-1.838-.197-1.539-1.118l1.07-3.292a1 1 0 00-.364-1.118L2.98 8.72c-.783-.57-.38-1.81.588-1.81h3.461a1 1 0 00.951-.69l1.07-3.292z"
                />
              </svg>
              <svg
                aria-hidden="true"
                class="text-gray-900 h-5 w-5 flex-shrink-0"
                fill="currentColor"
                viewBox="0 0 20 20"
                xmlns="http://www.w3.org/2000/svg"
              >
                <path
                  d="M9.049 2.927c.3-.921 1.603-.921 1.902 0l1.07 3.292a1 1 0 00.95.69h3.462c.969 0 1.371 1.24.588 1.81l-2.8 2.034a1 1 0 00-.364 1.118l1.07 3.292c.3.921-.755 1.688-1.54 1.118l-2.8-2.034a1 1 0 00-1.175 0l-2.8 2.034c-.784.57-1.838-.197-1.539-1.118l1.07-3.292a1 1 0 00-.364-1.118L2.98 8.72c-.783-.57-.38-1.81.588-1.81h3.461a1 1 0 00.951-.69l1.07-3.292z"
                />
              </svg>
              <svg
                aria-hidden="true"
                class="text-gray-900 h-5 w-5 flex-shrink-0"
                fill="currentColor"
                viewBox="0 0 20 20"
                xmlns="http://www.w3.org/2000/svg"
              >
                <path
                  d="M9.049 2.927c.3-.921 1.603-.921 1.902 0l1.07 3.292a1 1 0 00.95.69h3.462c.969 0 1.371 1.24.588 1.81l-2.8 2.034a1 1 0 00-.364 1.118l1.07 3.292c.3.921-.755 1.688-1.54 1.118l-2.8-2.034a1 1 0 00-1.175 0l-2.8 2.034c-.784.57-1.838-.197-1.539-1.118l1.07-3.292a1 1 0 00-.364-1.118L2.98 8.72c-.783-.57-.38-1.81.588-1.81h3.461a1 1 0 00.951-.69l1.07-3.292z"
                />
              </svg>
              <svg
                aria-hidden="true"
                class="text-gray-900 h-5 w-5 flex-shrink-0"
                fill="currentColor"
                viewBox="0 0 20 20"
                xmlns="http://www.w3.org/2000/svg"
              >
                <path
                  d="M9.049 2.927c.3-.921 1.603-.921 1.902 0l1.07 3.292a1 1 0 00.95.69h3.462c.969 0 1.371 1.24.588 1.81l-2.8 2.034a1 1 0 00-.364 1.118l1.07 3.292c.3.921-.755 1.688-1.54 1.118l-2.8-2.034a1 1 0 00-1.175 0l-2.8 2.034c-.784.57-1.838-.197-1.539-1.118l1.07-3.292a1 1 0 00-.364-1.118L2.98 8.72c-.783-.57-.38-1.81.588-1.81h3.461a1 1 0 00.951-.69l1.07-3.292z"
                />
              </svg>
              <svg
                aria-hidden="true"
                class="text-gray-200 h-5 w-5 flex-shrink-0"
                fill="currentColor"
                viewBox="0 0 20 20"
                xmlns="http://www.w3.org/2000/svg"
              >
                <path
                  d="M9.049 2.927c.3-.921 1.603-.921 1.902 0l1.07 3.292a1 1 0 00.95.69h3.462c.969 0 1.371 1.24.588 1.81l-2.8 2.034a1 1 0 00-.364 1.118l1.07 3.292c.3.921-.755 1.688-1.54 1.118l-2.8-2.034a1 1 0 00-1.175 0l-2.8 2.034c-.784.57-1.838-.197-1.539-1.118l1.07-3.292a1 1 0 00-.364-1.118L2.98 8.72c-.783-.57-.38-1.81.588-1.81h3.461a1 1 0 00.951-.69l1.07-3.292z"
                />
              </svg>
            </div>
            <p
              class="sr-only"
            >
              3.9
               out of 5 stars
            </p>
            120
             reviews
          </div>
        </div>
      </section>
      <button
        class="mt-6 w-full bg-indigo-600 border border-transparent rounded-md py-3 px-8 flex items-center justify-center text-base font-medium text-white hover:bg-indigo-700 focus:outline-none focus:ring-2 focus:ring-offset-2 focus:ring-indigo-500 disabled:bg-slate-400"
        type="button"
      >
        Add to bag
      </button>
    </div>
  </div>
</div>
`;
